// Jest Snapshot v1, https://goo.gl/fbAQLP

exports[`BigNumber should show the correct data from api response 1`] = `
<div>
  <!---->
  <div>
    <div class="shadow v-card v-card--flat v-sheet theme--light">
      <div class="v-card__title">Heading</div>
      <div class="v-card__subtitle">Sub Heading</div>
      <div class="v-card__text">
        <div class="text-h2 font-weight-medium">100</div>
      </div>
    </div>
  </div>
</div>
`;
