// Jest Snapshot v1, https://goo.gl/fbAQLP

exports[`BigNumber should show the correct data from api response for line 1 1`] = `
<div class="fill-height">
  <!---->
  <div class="fill-height">
    <div class="shadow fill-height v-card v-card--flat v-sheet theme--light">
      <div class="v-card__title">Heading</div>
      <div class="v-card__subtitle">Sub Heading</div>
      <div class="v-card__text">
        <div>
          <div class="d-flex flex-column">
            <div class="d-flex justify-space-between align-center">
              <div class="d-flex flex-column">
                <div class="text-h2 font-weight-medium line1">100</div>
                <div class="text-h5 font-weight-medium pl-1 line2">from 50</div>
              </div>
              <div>
                <div class="
                                d-flex
                                text-h6
                                font-weight-medium
                                px-2
                                py-2
                                rounded
                                shadow-sm
                                trend
                            "><span><i class="fas pr-1 fa-arrow-up"></i></span> <span>20</span></div>
              </div>
            </div> <svg display="block" stroke-width="4" viewBox="0 0 300 75" class="mt-4 primary--text">
              <defs>
                <linearGradient id="20" gradientUnits="userSpaceOnUse" x1="0" y1="100%" x2="0" y2="0">
                  <stop offset="0" stop-color="currentColor"></stop>
                </linearGradient>
              </defs>
              <path d="M8 67L64.8 55.2L121.6 43.4L178.39999999999998 31.599999999999994L235.2 19.799999999999997L292 8" fill="none" stroke="url(#20)"></path>
            </svg>
            <!---->
          </div>
        </div>
      </div>
    </div>
  </div>
</div>
`;
